// Jest Snapshot v1, https://goo.gl/fbAQLP

exports[`Home component Renders on screen 1`] = `
<div>
  <main
    class="main"
  >
    <h1>
      SK Innovation Storage
    </h1>
    <a
      href="/list"
    >
       Virtual List storage
    </a>
  </main>
</div>
`;
