// Jest Snapshot v1, https://goo.gl/fbAQLP

exports[`ProductCard component Renders the card of the product 1`] = `
<div>
  <div
    class="card"
  >
    <img
      alt=""
      data-nimg="1"
      decoding="async"
      height="0"
      loading="lazy"
      src="/_next/image?url=https%3A%2F%2Fi.dummyjson.com%2Fdata%2Fproducts%2F91%2F1.jpg&w=16&q=75"
      srcset="/_next/image?url=https%3A%2F%2Fi.dummyjson.com%2Fdata%2Fproducts%2F91%2F1.jpg&w=16&q=75 1x"
      style="color: transparent;"
      width="0"
    />
    <h4>
      Black Motorbike
    </h4>
    <p>
      Engine Type:Wet sump, Single Cylinder, Four Stroke, Two Valves, Air Cooled with SOHC (Single Over Head Cam) Chain Drive Bore & Stroke:47.0 x 49.5 MM
    </p>
    <p>
      $ 
      569
      .00
    </p>
    <div
      class="qtyContainer"
    >
      <label
        for="qty"
      >
        Qty:
        <input
          id="qty"
          inputmode="numeric"
          placeholder="0"
          type="text"
          value=""
        />
      </label>
      <button
        class="increment"
      >
        +
      </button>
      <button
        class="decrement"
      >
        -
      </button>
    </div>
    <p
      class="totalCost"
    >
      $ 
      0
      .00
    </p>
    <button
      class="addToCart"
    >
      Add to Cart
    </button>
  </div>
</div>
`;
