// Jest Snapshot v1, https://goo.gl/fbAQLP

exports[`Trying out testing Renders on screen 1`] = `
<div>
  <h1>
    Hello Up-skilling World!
  </h1>
  <p>
    Testing ok
  </p>
</div>
`;
